110 jobs, 4 workers
seed 42 Wine: g_init=0.7758 g_end=0.7924 add_best=0.8065 (0s)
seed 42 Iono: g_init=0.5668 g_end=0.5581 add_best=0.5745 (0s)
seed 42 Sonar: g_init=0.4438 g_end=0.4176 add_best=0.4190 (0s)
seed 42 Derm: g_init=0.7948 g_end=0.8042 add_best=0.8097 (0s)
seed 42 WDBC: g_init=0.7041 g_end=0.7073 add_best=0.7113 (0s)
seed 42 Musk: g_init=0.3525 g_end=0.3443 add_best=0.3550 (0s)
seed 42 Parkinsons: g_init=0.5368 g_end=0.5348 add_best=0.5486 (0s)
seed 0 Wine: g_init=0.8282 g_end=0.7924 add_best=0.8065 (0s)
seed 0 WDBC: g_init=0.7233 g_end=0.6234 add_best=0.6829 (0s)
seed 0 Iono: g_init=0.5568 g_end=0.5686 add_best=0.5738 (0s)
seed 42 Arrhy: g_init=0.3753 g_end=0.3480 add_best=0.3531 (0s)
seed 0 Derm: g_init=0.8195 g_end=0.8001 add_best=0.8105 (0s)
seed 0 Sonar: g_init=0.4164 g_end=0.4109 add_best=0.4177 (0s)
seed 42 Urban: g_init=0.4758 g_end=0.4473 add_best=0.4577 (0s)
seed 0 Musk: g_init=0.2971 g_end=0.2948 add_best=0.3045 (0s)
seed 0 Arrhy: g_init=0.3604 g_end=0.3358 add_best=0.3519 (0s)
seed 0 Parkinsons: g_init=0.6006 g_end=0.4979 add_best=0.5333 (0s)
seed 1 Wine: g_init=0.7881 g_end=0.8065 add_best=0.7916 (0s)
seed 0 Urban: g_init=0.4661 g_end=0.4361 add_best=0.4513 (0s)
seed 1 Iono: g_init=0.5568 g_end=0.5449 add_best=0.5571 (0s)
seed 1 WDBC: g_init=0.6869 g_end=0.6870 add_best=0.6979 (0s)
seed 1 Derm: g_init=0.8299 g_end=0.8114 add_best=0.8212 (0s)
seed 1 Sonar: g_init=0.4149 g_end=0.4233 add_best=0.4224 (0s)
seed 1 Musk: g_init=0.3550 g_end=0.3523 add_best=0.3594 (0s)
seed 1 Urban: g_init=0.4649 g_end=0.4398 add_best=0.4487 (0s)
seed 1 Arrhy: g_init=0.3762 g_end=0.3521 add_best=0.3622 (0s)
seed 1 Parkinsons: g_init=0.5668 g_end=0.5552 add_best=0.5628 (0s)
seed 2 Wine: g_init=0.7630 g_end=0.7447 add_best=0.7661 (0s)
seed 2 WDBC: g_init=0.7305 g_end=0.7096 add_best=0.7128 (0s)
seed 2 Iono: g_init=0.5668 g_end=0.5686 add_best=0.5738 (0s)
seed 2 Derm: g_init=0.8494 g_end=0.8014 add_best=0.8128 (0s)
seed 2 Sonar: g_init=0.4455 g_end=0.3906 add_best=0.4212 (0s)
seed 2 Urban: g_init=0.4590 g_end=0.4434 add_best=0.4487 (0s)
seed 2 Musk: g_init=0.3653 g_end=0.3488 add_best=0.3594 (0s)
seed 2 Arrhy: g_init=0.3622 g_end=0.3529 add_best=0.3614 (0s)
seed 42 Spambase: g_init=0.3992 g_end=0.3842 add_best=0.3900 (4s)
seed 2 Parkinsons: g_init=0.5463 g_end=0.5536 add_best=0.5617 (0s)
seed 3 Wine: g_init=0.8116 g_end=0.7924 add_best=0.8065 (0s)
seed 3 WDBC: g_init=0.7387 g_end=0.6399 add_best=0.6952 (0s)
seed 3 Iono: g_init=0.5663 g_end=0.5653 add_best=0.5686 (0s)
seed 3 Derm: g_init=0.7981 g_end=0.7957 add_best=0.8118 (0s)
seed 3 Sonar: g_init=0.4428 g_end=0.4167 add_best=0.4213 (0s)
seed 0 Spambase: g_init=0.4075 g_end=0.4067 add_best=0.4077 (4s)
seed 3 Musk: g_init=0.3465 g_end=0.3127 add_best=0.3313 (0s)
seed 3 Urban: g_init=0.4759 g_end=0.4555 add_best=0.4593 (0s)
seed 3 Arrhy: g_init=0.3665 g_end=0.3320 add_best=0.3472 (0s)
seed 3 Parkinsons: g_init=0.5471 g_end=0.5559 add_best=0.5619 (0s)
seed 4 Wine: g_init=0.8273 g_end=0.8065 add_best=0.7916 (0s)
seed 4 WDBC: g_init=0.6968 g_end=0.6953 add_best=0.6979 (0s)
seed 1 Spambase: g_init=0.4119 g_end=0.3825 add_best=0.3889 (4s)
seed 4 Iono: g_init=0.5904 g_end=0.5738 add_best=0.5823 (0s)
seed 4 Derm: g_init=0.8164 g_end=0.8069 add_best=0.8173 (0s)
seed 4 Sonar: g_init=0.4007 g_end=0.3771 add_best=0.3958 (0s)
seed 4 Musk: g_init=0.3343 g_end=0.3199 add_best=0.3301 (0s)
seed 4 Urban: g_init=0.4551 g_end=0.4309 add_best=0.4437 (0s)
seed 4 Arrhy: g_init=0.4046 g_end=0.3683 add_best=0.3787 (0s)
seed 4 Parkinsons: g_init=0.5759 g_end=0.5518 add_best=0.5549 (0s)
seed 5 Wine: g_init=0.8042 g_end=0.7900 add_best=0.8065 (0s)
seed 5 WDBC: g_init=0.7463 g_end=0.6797 add_best=0.6988 (0s)
seed 5 Iono: g_init=0.5951 g_end=0.5563 add_best=0.5563 (0s)
seed 5 Derm: g_init=0.8353 g_end=0.8114 add_best=0.8212 (0s)
seed 5 Sonar: g_init=0.4158 g_end=0.4233 add_best=0.4224 (0s)
seed 5 Urban: g_init=0.4860 g_end=0.4642 add_best=0.4680 (0s)
seed 5 Musk: g_init=0.3535 g_end=0.3413 add_best=0.3479 (0s)
seed 2 Spambase: g_init=0.3866 g_end=0.3719 add_best=0.3800 (4s)
seed 5 Arrhy: g_init=0.3774 g_end=0.3664 add_best=0.3740 (0s)
seed 5 Parkinsons: g_init=0.5842 g_end=0.5582 add_best=0.5643 (0s)
seed 6 Wine: g_init=0.8234 g_end=0.8065 add_best=0.7916 (0s)
seed 6 WDBC: g_init=0.7462 g_end=0.6408 add_best=0.6988 (0s)
seed 6 Iono: g_init=0.5351 g_end=0.5236 add_best=0.5328 (0s)
seed 6 Derm: g_init=0.8546 g_end=0.8163 add_best=0.8251 (0s)
seed 6 Sonar: g_init=0.3958 g_end=0.3736 add_best=0.3945 (0s)
seed 6 Urban: g_init=0.4676 g_end=0.4441 add_best=0.4505 (0s)
seed 6 Musk: g_init=0.3560 g_end=0.3422 add_best=0.3524 (0s)
seed 6 Arrhy: g_init=0.3849 g_end=0.3640 add_best=0.3771 (0s)
seed 3 Spambase: g_init=0.4070 g_end=0.3879 add_best=0.3943 (4s)
seed 6 Parkinsons: g_init=0.5458 g_end=0.5559 add_best=0.5619 (0s)
seed 7 Wine: g_init=0.8099 g_end=0.7900 add_best=0.8065 (0s)
seed 7 WDBC: g_init=0.6879 g_end=0.6953 add_best=0.6979 (0s)
seed 7 Iono: g_init=0.5666 g_end=0.5276 add_best=0.5391 (0s)
seed 7 Derm: g_init=0.8254 g_end=0.8069 add_best=0.8173 (0s)
seed 7 Sonar: g_init=0.4107 g_end=0.4109 add_best=0.4178 (0s)
seed 7 Urban: g_init=0.4354 g_end=0.4245 add_best=0.4341 (0s)
seed 7 Musk: g_init=0.3555 g_end=0.3543 add_best=0.3583 (0s)
seed 4 Spambase: g_init=0.3852 g_end=0.3781 add_best=0.3913 (4s)
seed 7 Arrhy: g_init=0.3157 g_end=0.3062 add_best=0.3178 (0s)
seed 7 Parkinsons: g_init=0.5572 g_end=0.5493 add_best=0.5620 (0s)
seed 8 Wine: g_init=0.8131 g_end=0.8065 add_best=0.7916 (0s)
seed 8 WDBC: g_init=0.7063 g_end=0.6977 add_best=0.7016 (0s)
seed 8 Iono: g_init=0.5570 g_end=0.5168 add_best=0.5444 (0s)
seed 8 Derm: g_init=0.8617 g_end=0.7951 add_best=0.8115 (0s)
seed 8 Sonar: g_init=0.4284 g_end=0.4159 add_best=0.4214 (0s)
seed 8 Urban: g_init=0.4753 g_end=0.4465 add_best=0.4533 (0s)
seed 8 Musk: g_init=0.3754 g_end=0.3541 add_best=0.3658 (0s)
seed 5 Spambase: g_init=0.3762 g_end=0.3740 add_best=0.3844 (4s)
seed 8 Arrhy: g_init=0.3366 g_end=0.3073 add_best=0.3195 (0s)
seed 8 Parkinsons: g_init=0.5477 g_end=0.5536 add_best=0.5617 (0s)
seed 6 Spambase: g_init=0.3950 g_end=0.3937 add_best=0.3996 (4s)
seed 7 Spambase: g_init=0.4004 g_end=0.3971 add_best=0.4067 (5s)
seed 8 Spambase: g_init=0.3860 g_end=0.3781 add_best=0.3913 (5s)
seed 0 Letter: g_init=0.5011 g_end=0.5071 add_best=0.4980 (23s)
seed 42 Letter: g_init=0.4976 g_end=0.5027 add_best=0.5071 (23s)
seed 1 Letter: g_init=0.4967 g_end=0.5027 add_best=0.5071 (24s)
seed 2 Letter: g_init=0.4985 g_end=0.5027 add_best=0.5071 (23s)
seed 3 Letter: g_init=0.4963 g_end=0.5027 add_best=0.5071 (23s)
seed 4 Letter: g_init=0.4972 g_end=0.5027 add_best=0.5071 (23s)
seed 5 Letter: g_init=0.4976 g_end=0.5027 add_best=0.5071 (23s)
seed 6 Letter: g_init=0.0160 g_end=0.0111 add_best=0.0214 (31s)
seed 7 Letter: g_init=0.5019 g_end=0.5071 add_best=0.4980 (21s)
seed 8 Letter: g_init=0.4971 g_end=0.5027 add_best=0.5071 (21s)
